[     663ms] [WARNING] Mixed Content: The page at 'https://aragonciclismo.com/index.php/es/smartweb/seccion/calendario/aragon/2026' was loaded over HTTPS, but requested an insecure element 'http://yosoyciclista.com/assets/logotipos/aragon-logo-secundario.png'. This request was automatically upgraded to HTTPS, For more information see https://blog.chromium.org/2019/10/no-more-mixed-messages-about-https.html @ https://aragonciclismo.com/index.php/es/smartweb/seccion/calendario/aragon/2026:0
[    3257ms] [WARNING] Mixed Content: The page at 'https://aragonciclismo.com/index.php/es/smartweb/seccion/calendario/aragon/2026' was loaded over HTTPS, but requested an insecure element 'http://yosoyciclista.com/assets/logotipos/aragon-logo-secundario.png'. This request was automatically upgraded to HTTPS, For more information see https://blog.chromium.org/2019/10/no-more-mixed-messages-about-https.html @ https://aragonciclismo.com/index.php/es/smartweb/seccion/calendario/aragon/2026:3901
[    3293ms] [VERBOSE] [DOM] Input elements should have autocomplete attributes (suggested: "current-password"): (More info: https://goo.gl/9p2vKq) %o @ https://aragonciclismo.com/index.php/es/smartweb/seccion/calendario/aragon/2026:0
[    3293ms] [VERBOSE] [DOM] Input elements should have autocomplete attributes (suggested: "current-password"): (More info: https://goo.gl/9p2vKq) %o @ https://aragonciclismo.com/index.php/es/smartweb/seccion/calendario/aragon/2026:0
[    4251ms] [LOG] JSHandle@node @ https://aragonciclismo.com/assets/smartweb/js/disable-devtool.js:8
[    4252ms] [LOG] Mon Aug 17 2026 06:06:34 GMT+0200 (hora de verano de Europa central) @ https://aragonciclismo.com/assets/smartweb/js/disable-devtool.js:8
[    4252ms] [LOG] function(){} @ https://aragonciclismo.com/assets/smartweb/js/disable-devtool.js:8
[    4252ms] [TABLE] [Object, Object, Object, Object, Object, Object, Object, Object, Object, Object, Object, Object, Object, Object, Object, Object, Object, Object, Object, Object, Object, Object, Object, Object, Object, Object, Object, Object, Object, Object, Object, Object, Object, Object, Object, Object, Object, Object, Object, Object, Object, Object, Object, Object, Object, Object, Object, Object, Object, Object] @ https://aragonciclismo.com/assets/smartweb/js/disable-devtool.js:8
[    4271ms] [LOG] [Object, Object, Object, Object, Object, Object, Object, Object, Object, Object, Object, Object, Object, Object, Object, Object, Object, Object, Object, Object, Object, Object, Object, Object, Object, Object, Object, Object, Object, Object, Object, Object, Object, Object, Object, Object, Object, Object, Object, Object, Object, Object, Object, Object, Object, Object, Object, Object, Object, Object] @ https://aragonciclismo.com/assets/smartweb/js/disable-devtool.js:8
[    5250ms] [LOG] JSHandle@node @ https://aragonciclismo.com/assets/smartweb/js/disable-devtool.js:8
[    5251ms] [LOG] Mon Aug 17 2026 06:06:34 GMT+0200 (hora de verano de Europa central) @ https://aragonciclismo.com/assets/smartweb/js/disable-devtool.js:8
[    5251ms] [LOG] function(){} @ https://aragonciclismo.com/assets/smartweb/js/disable-devtool.js:8
[    5251ms] [TABLE] [Object, Object, Object, Object, Object, Object, Object, Object, Object, Object, Object, Object, Object, Object, Object, Object, Object, Object, Object, Object, Object, Object, Object, Object, Object, Object, Object, Object, Object, Object, Object, Object, Object, Object, Object, Object, Object, Object, Object, Object, Object, Object, Object, Object, Object, Object, Object, Object, Object, Object] @ https://aragonciclismo.com/assets/smartweb/js/disable-devtool.js:8
[    5271ms] [LOG] [Object, Object, Object, Object, Object, Object, Object, Object, Object, Object, Object, Object, Object, Object, Object, Object, Object, Object, Object, Object, Object, Object, Object, Object, Object, Object, Object, Object, Object, Object, Object, Object, Object, Object, Object, Object, Object, Object, Object, Object, Object, Object, Object, Object, Object, Object, Object, Object, Object, Object] @ https://aragonciclismo.com/assets/smartweb/js/disable-devtool.js:8
[    6250ms] [LOG] JSHandle@node @ https://aragonciclismo.com/assets/smartweb/js/disable-devtool.js:8
[    6250ms] [LOG] Mon Aug 17 2026 06:06:34 GMT+0200 (hora de verano de Europa central) @ https://aragonciclismo.com/assets/smartweb/js/disable-devtool.js:8
[    6251ms] [LOG] function(){} @ https://aragonciclismo.com/assets/smartweb/js/disable-devtool.js:8
[    6251ms] [TABLE] [Object, Object, Object, Object, Object, Object, Object, Object, Object, Object, Object, Object, Object, Object, Object, Object, Object, Object, Object, Object, Object, Object, Object, Object, Object, Object, Object, Object, Object, Object, Object, Object, Object, Object, Object, Object, Object, Object, Object, Object, Object, Object, Object, Object, Object, Object, Object, Object, Object, Object] @ https://aragonciclismo.com/assets/smartweb/js/disable-devtool.js:8
[    6268ms] [LOG] [Object, Object, Object, Object, Object, Object, Object, Object, Object, Object, Object, Object, Object, Object, Object, Object, Object, Object, Object, Object, Object, Object, Object, Object, Object, Object, Object, Object, Object, Object, Object, Object, Object, Object, Object, Object, Object, Object, Object, Object, Object, Object, Object, Object, Object, Object, Object, Object, Object, Object] @ https://aragonciclismo.com/assets/smartweb/js/disable-devtool.js:8
[    7250ms] [LOG] JSHandle@node @ https://aragonciclismo.com/assets/smartweb/js/disable-devtool.js:8
[    7250ms] [LOG] Mon Aug 17 2026 06:06:34 GMT+0200 (hora de verano de Europa central) @ https://aragonciclismo.com/assets/smartweb/js/disable-devtool.js:8
[    7251ms] [LOG] function(){} @ https://aragonciclismo.com/assets/smartweb/js/disable-devtool.js:8
[    7251ms] [TABLE] [Object, Object, Object, Object, Object, Object, Object, Object, Object, Object, Object, Object, Object, Object, Object, Object, Object, Object, Object, Object, Object, Object, Object, Object, Object, Object, Object, Object, Object, Object, Object, Object, Object, Object, Object, Object, Object, Object, Object, Object, Object, Object, Object, Object, Object, Object, Object, Object, Object, Object] @ https://aragonciclismo.com/assets/smartweb/js/disable-devtool.js:8
[    7270ms] [LOG] [Object, Object, Object, Object, Object, Object, Object, Object, Object, Object, Object, Object, Object, Object, Object, Object, Object, Object, Object, Object, Object, Object, Object, Object, Object, Object, Object, Object, Object, Object, Object, Object, Object, Object, Object, Object, Object, Object, Object, Object, Object, Object, Object, Object, Object, Object, Object, Object, Object, Object] @ https://aragonciclismo.com/assets/smartweb/js/disable-devtool.js:8
[    8250ms] [LOG] JSHandle@node @ https://aragonciclismo.com/assets/smartweb/js/disable-devtool.js:8
[    8251ms] [LOG] Mon Aug 17 2026 06:06:34 GMT+0200 (hora de verano de Europa central) @ https://aragonciclismo.com/assets/smartweb/js/disable-devtool.js:8
[    8251ms] [LOG] function(){} @ https://aragonciclismo.com/assets/smartweb/js/disable-devtool.js:8
[    8251ms] [TABLE] [Object, Object, Object, Object, Object, Object, Object, Object, Object, Object, Object, Object, Object, Object, Object, Object, Object, Object, Object, Object, Object, Object, Object, Object, Object, Object, Object, Object, Object, Object, Object, Object, Object, Object, Object, Object, Object, Object, Object, Object, Object, Object, Object, Object, Object, Object, Object, Object, Object, Object] @ https://aragonciclismo.com/assets/smartweb/js/disable-devtool.js:8
[    8270ms] [LOG] [Object, Object, Object, Object, Object, Object, Object, Object, Object, Object, Object, Object, Object, Object, Object, Object, Object, Object, Object, Object, Object, Object, Object, Object, Object, Object, Object, Object, Object, Object, Object, Object, Object, Object, Object, Object, Object, Object, Object, Object, Object, Object, Object, Object, Object, Object, Object, Object, Object, Object] @ https://aragonciclismo.com/assets/smartweb/js/disable-devtool.js:8
[    9251ms] [LOG] JSHandle@node @ https://aragonciclismo.com/assets/smartweb/js/disable-devtool.js:8
[    9251ms] [LOG] Mon Aug 17 2026 06:06:34 GMT+0200 (hora de verano de Europa central) @ https://aragonciclismo.com/assets/smartweb/js/disable-devtool.js:8
[    9251ms] [LOG] function(){} @ https://aragonciclismo.com/assets/smartweb/js/disable-devtool.js:8
[    9251ms] [TABLE] [Object, Object, Object, Object, Object, Object, Object, Object, Object, Object, Object, Object, Object, Object, Object, Object, Object, Object, Object, Object, Object, Object, Object, Object, Object, Object, Object, Object, Object, Object, Object, Object, Object, Object, Object, Object, Object, Object, Object, Object, Object, Object, Object, Object, Object, Object, Object, Object, Object, Object] @ https://aragonciclismo.com/assets/smartweb/js/disable-devtool.js:8
[    9271ms] [LOG] [Object, Object, Object, Object, Object, Object, Object, Object, Object, Object, Object, Object, Object, Object, Object, Object, Object, Object, Object, Object, Object, Object, Object, Object, Object, Object, Object, Object, Object, Object, Object, Object, Object, Object, Object, Object, Object, Object, Object, Object, Object, Object, Object, Object, Object, Object, Object, Object, Object, Object] @ https://aragonciclismo.com/assets/smartweb/js/disable-devtool.js:8
[   10250ms] [LOG] JSHandle@node @ https://aragonciclismo.com/assets/smartweb/js/disable-devtool.js:8
[   10250ms] [LOG] Mon Aug 17 2026 06:06:34 GMT+0200 (hora de verano de Europa central) @ https://aragonciclismo.com/assets/smartweb/js/disable-devtool.js:8
[   10250ms] [LOG] function(){} @ https://aragonciclismo.com/assets/smartweb/js/disable-devtool.js:8
[   10250ms] [TABLE] [Object, Object, Object, Object, Object, Object, Object, Object, Object, Object, Object, Object, Object, Object, Object, Object, Object, Object, Object, Object, Object, Object, Object, Object, Object, Object, Object, Object, Object, Object, Object, Object, Object, Object, Object, Object, Object, Object, Object, Object, Object, Object, Object, Object, Object, Object, Object, Object, Object, Object] @ https://aragonciclismo.com/assets/smartweb/js/disable-devtool.js:8
[   10269ms] [LOG] [Object, Object, Object, Object, Object, Object, Object, Object, Object, Object, Object, Object, Object, Object, Object, Object, Object, Object, Object, Object, Object, Object, Object, Object, Object, Object, Object, Object, Object, Object, Object, Object, Object, Object, Object, Object, Object, Object, Object, Object, Object, Object, Object, Object, Object, Object, Object, Object, Object, Object] @ https://aragonciclismo.com/assets/smartweb/js/disable-devtool.js:8
[   10269ms] [WARNING] You don't have permission to use DEVTOOL!【type = 6】 @ https://aragonciclismo.com/assets/smartweb/js/disable-devtool.js:8
[   10385ms] [WARNING] Mixed Content: The page at 'https://aragonciclismo.com/es/smartweb/seccion/show_error_frontend/aragon' was loaded over HTTPS, but requested an insecure element 'http://yosoyciclista.com/assets/logotipos/aragon-logo-secundario.png'. This request was automatically upgraded to HTTPS, For more information see https://blog.chromium.org/2019/10/no-more-mixed-messages-about-https.html @ https://aragonciclismo.com/es/smartweb/seccion/show_error_frontend/aragon:0
[   10413ms] [WARNING] Mixed Content: The page at 'https://aragonciclismo.com/es/smartweb/seccion/show_error_frontend/aragon' was loaded over HTTPS, but requested an insecure element 'http://yosoyciclista.com/assets/logotipos/aragon-logo-secundario.png'. This request was automatically upgraded to HTTPS, For more information see https://blog.chromium.org/2019/10/no-more-mixed-messages-about-https.html @ https://aragonciclismo.com/es/smartweb/seccion/show_error_frontend/aragon:940
[   10417ms] [VERBOSE] [DOM] Input elements should have autocomplete attributes (suggested: "current-password"): (More info: https://goo.gl/9p2vKq) %o @ https://aragonciclismo.com/es/smartweb/seccion/show_error_frontend/aragon:0
[   10417ms] [VERBOSE] [DOM] Input elements should have autocomplete attributes (suggested: "current-password"): (More info: https://goo.gl/9p2vKq) %o @ https://aragonciclismo.com/es/smartweb/seccion/show_error_frontend/aragon:0
